+ RMCT_DIR=/workspace/rmct
+ export RMCT_CONFIG=/workspace/rmct/configs/b9tiny.json
+ RMCT_CONFIG=/workspace/rmct/configs/b9tiny.json
+ RMCT_ARGS=(--rollout-function-path slime_port.rmct_rollout.generate_rollout --custom-megatron-init-path slime_port.miles_init.megatron_init --advantage-estimator grpo --disable-rewards-normalization --loss-type policy_loss --eps-clip 0.2 --calculate-per-token-loss --kl-coef 0.0 --use-kl-loss --kl-loss-coef 0.0)
+ ROLLOUT_ARGS=(--prompt-data "${PROMPT_DATA:-${RMCT_DIR}/data/run_9b/wrong-argument-pairs-64.jsonl}" --input-key unbiased_messages --apply-chat-template --num-rollout "${NUM_ROLLOUT}" --rollout-batch-size "${ROLLOUT_BATCH:-4}" --n-samples-per-prompt "${N_SAMPLES:-128}" --rollout-max-response-len "${MAX_RESPONSE_LEN:-20480}" --rollout-temperature 1.0 --global-batch-size "$(( ${ROLLOUT_BATCH:-4} * ${N_SAMPLES:-128} ))")
    "RMCT_CONFIG": "/workspace/rmct/configs/b9tiny.json",
    "RMCT_CONFIG": "/workspace/rmct/configs/b9tiny.json",
[36m(MegatronTrainRayActor pid=68908)[0m [2026-08-07 04:38:20.631 actor_cell0_rank0] miles_init.py:32 - RMCT: replaced compute_advantages_and_returns with slime_port.rmct_advantage.compute_advantages
[36m(MegatronTrainRayActor pid=69032)[0m [2026-08-07 04:38:35.862 actor_cell0_rank1] model.py:965 - RMCT P5: skipping fallback load; bridge LoRA model already carries HF weights
[36m(MegatronTrainRayActor pid=69032)[0m [2026-08-07 04:38:20.625 actor_cell0_rank1] miles_init.py:32 - RMCT: replaced compute_advantages_and_returns with slime_port.rmct_advantage.compute_advantages
[36m(MegatronTrainRayActor pid=68908)[0m [2026-08-07 04:38:35.902 actor_cell0_rank0] model.py:965 - RMCT P5: skipping fallback load; bridge LoRA model already carries HF weights
[36m(MegatronTrainRayActor pid=68908)[0m [2026-08-07 04:38:51.835 actor_cell0_rank0] timer.py:42 - Timer sleep end (elapsed: 4.7s)
[36m(MegatronTrainRayActor pid=68908)[0m [2026-08-07 04:38:55.432 actor_cell0_rank0] timer.py:42 - Timer update_weights end (elapsed: 0.9s)
[36m(RolloutManager pid=68032)[0m [2026-08-07 04:39:00.876 rollout_manager] rmct_rollout.py:389 - RMCT step 1: 0 grad samples, parse_rate=0.000, gap=0.0000, cache_hit=0.00
[36m(MegatronTrainRayActor pid=68908)[0m [2026-08-07 04:39:09.674 actor_cell0_rank0] timer.py:42 - Timer wake_up end (elapsed: 1.7s)
[36m(MegatronTrainRayActor pid=68908)[0m [2026-08-07 04:39:09.682 actor_cell0_rank0] timer.py:42 - Timer data_preprocess end (elapsed: 0.0s)
[36m(MegatronTrainRayActor pid=68908)[0m [2026-08-07 04:39:09.682 actor_cell0_rank0] timer.py:42 - Timer train_wait end (elapsed: 17.8s)
[36m(MegatronTrainRayActor pid=68908)[0m [2026-08-07 04:39:32.687 actor_cell0_rank0] timer.py:42 - Timer ref_log_probs end (elapsed: 22.8s)
[36m(MegatronTrainRayActor pid=68908)[0m [2026-08-07 04:39:36.728 actor_cell0_rank0] timer.py:42 - Timer log_probs end (elapsed: 3.9s)
[36m(MegatronTrainRayActor pid=68908)[0m [2026-08-07 04:40:20.040 actor_cell0_rank0] log_utils.py:493 - step 0: {'train/loss': 0.0, 'train/pg_loss': 0.0, 'train/entropy_loss': 0.0, 'train/pg_clipfrac': 0.0, 'train/ppo_kl': 0.0, 'train/ess_ratio': 0.0, 'train/train_rollout_logprob_abs_diff': 0.0, 'train/train_rollout_kl': 0.0, 'train/kl_loss': 0.0, 'train/grad_norm': 0.0, 'train/lr-pg_0': 1e-05, 'train/step': 0}
[36m(MegatronTrainRayActor pid=68908)[0m [2026-08-07 04:40:20.040 actor_cell0_rank0] model.py:854 - step 0: {'train/loss': 0.0, 'train/pg_loss': 0.0, 'train/entropy_loss': 0.0, 'train/pg_clipfrac': 0.0, 'train/ppo_kl': 0.0, 'train/ess_ratio': 0.0, 'train/train_rollout_logprob_abs_diff': 0.0, 'train/train_rollout_kl': 0.0, 'train/kl_loss': 0.0, 'train/grad_norm': 0.0, 'train/lr-pg_0': 1e-05, 'train/step': 0}
[36m(MegatronTrainRayActor pid=68908)[0m [2026-08-07 04:40:20.040 actor_cell0_rank0] timer.py:42 - Timer actor_train end (elapsed: 43.3s)
[36m(MegatronTrainRayActor pid=68908)[0m [2026-08-07 04:40:20.040 actor_cell0_rank0] timer.py:42 - Timer train end (elapsed: 70.4s)
[36m(MegatronTrainRayActor pid=68908)[0m [2026-08-07 04:40:20.398 actor_cell0_rank0] timer.py:42 - Timer save_model end (elapsed: 0.2s)
[36m(MegatronTrainRayActor pid=68908)[0m [2026-08-07 04:40:24.739 actor_cell0_rank0] timer.py:42 - Timer sleep end (elapsed: 4.3s)
[36m(MegatronTrainRayActor pid=68908)[0m [2026-08-07 04:40:28.090 actor_cell0_rank0] timer.py:42 - Timer update_weights end (elapsed: 0.8s)
[36m(RolloutManager pid=68032)[0m [2026-08-07 04:40:33.455 rollout_manager] rmct_rollout.py:389 - RMCT step 2: 0 grad samples, parse_rate=0.000, gap=0.0000, cache_hit=0.01
[36m(MegatronTrainRayActor pid=68908)[0m [2026-08-07 04:40:41.577 actor_cell0_rank0] timer.py:42 - Timer wake_up end (elapsed: 1.8s)
[36m(MegatronTrainRayActor pid=68908)[0m [2026-08-07 04:40:41.585 actor_cell0_rank0] timer.py:42 - Timer data_preprocess end (elapsed: 0.0s)
[36m(MegatronTrainRayActor pid=68908)[0m [2026-08-07 04:40:41.585 actor_cell0_rank0] timer.py:42 - Timer train_wait end (elapsed: 21.5s)
[36m(MegatronTrainRayActor pid=68908)[0m [2026-08-07 04:40:45.409 actor_cell0_rank0] timer.py:42 - Timer ref_log_probs end (elapsed: 3.6s)
[36m(MegatronTrainRayActor pid=68908)[0m [2026-08-07 04:40:49.175 actor_cell0_rank0] timer.py:42 - Timer log_probs end (elapsed: 3.6s)
[36m(MegatronTrainRayActor pid=68908)[0m [2026-08-07 04:41:10.311 actor_cell0_rank0] log_utils.py:493 - step 1: {'train/loss': 0.0, 'train/pg_loss': 0.0, 'train/entropy_loss': 0.0, 'train/pg_clipfrac': 0.0, 'train/ppo_kl': 0.0, 'train/ess_ratio': 0.0, 'train/train_rollout_logprob_abs_diff': 0.0, 'train/train_rollout_kl': 0.0, 'train/kl_loss': 0.0, 'train/grad_norm': 0.0, 'train/lr-pg_0': 1e-05, 'train/step': 1}
[36m(MegatronTrainRayActor pid=68908)[0m [2026-08-07 04:41:10.311 actor_cell0_rank0] model.py:854 - step 1: {'train/loss': 0.0, 'train/pg_loss': 0.0, 'train/entropy_loss': 0.0, 'train/pg_clipfrac': 0.0, 'train/ppo_kl': 0.0, 'train/ess_ratio': 0.0, 'train/train_rollout_logprob_abs_diff': 0.0, 'train/train_rollout_kl': 0.0, 'train/kl_loss': 0.0, 'train/grad_norm': 0.0, 'train/lr-pg_0': 1e-05, 'train/step': 1}
[36m(MegatronTrainRayActor pid=68908)[0m [2026-08-07 04:41:10.311 actor_cell0_rank0] timer.py:42 - Timer actor_train end (elapsed: 21.1s)
[36m(MegatronTrainRayActor pid=68908)[0m [2026-08-07 04:41:10.311 actor_cell0_rank0] timer.py:42 - Timer train end (elapsed: 28.7s)
[36m(MegatronTrainRayActor pid=68908)[0m [2026-08-07 04:41:10.673 actor_cell0_rank0] timer.py:42 - Timer save_model end (elapsed: 0.2s)
[36m(MegatronTrainRayActor pid=68908)[0m [2026-08-07 04:41:15.044 actor_cell0_rank0] timer.py:42 - Timer sleep end (elapsed: 4.4s)
[36m(MegatronTrainRayActor pid=68908)[0m [2026-08-07 04:41:18.368 actor_cell0_rank0] timer.py:42 - Timer update_weights end (elapsed: 0.8s)
[36m(RolloutManager pid=68032)[0m [2026-08-07 04:41:23.679 rollout_manager] rmct_rollout.py:389 - RMCT step 3: 0 grad samples, parse_rate=0.000, gap=0.0000, cache_hit=0.14
[36m(MegatronTrainRayActor pid=68908)[0m [2026-08-07 04:41:31.873 actor_cell0_rank0] timer.py:42 - Timer wake_up end (elapsed: 1.9s)
[36m(MegatronTrainRayActor pid=68908)[0m [2026-08-07 04:41:31.880 actor_cell0_rank0] timer.py:42 - Timer data_preprocess end (elapsed: 0.0s)
[36m(MegatronTrainRayActor pid=68908)[0m [2026-08-07 04:41:31.880 actor_cell0_rank0] timer.py:42 - Timer train_wait end (elapsed: 21.6s)
[36m(MegatronTrainRayActor pid=68908)[0m [2026-08-07 04:41:39.672 actor_cell0_rank0] timer.py:42 - Timer ref_log_probs end (elapsed: 7.6s)
[36m(MegatronTrainRayActor pid=68908)[0m [2026-08-07 04:41:44.732 actor_cell0_rank0] timer.py:42 - Timer log_probs end (elapsed: 4.9s)
[36m(MegatronTrainRayActor pid=68908)[0m [2026-08-07 04:42:04.665 actor_cell0_rank0] log_utils.py:493 - step 2: {'train/loss': 0.0, 'train/pg_loss': 0.0, 'train/entropy_loss': 0.0, 'train/pg_clipfrac': 0.0, 'train/ppo_kl': 0.0, 'train/ess_ratio': 0.0, 'train/train_rollout_logprob_abs_diff': 0.0, 'train/train_rollout_kl': 0.0, 'train/kl_loss': 0.0, 'train/grad_norm': 0.0, 'train/lr-pg_0': 1e-05, 'train/step': 2}
[36m(MegatronTrainRayActor pid=68908)[0m [2026-08-07 04:42:04.665 actor_cell0_rank0] model.py:854 - step 2: {'train/loss': 0.0, 'train/pg_loss': 0.0, 'train/entropy_loss': 0.0, 'train/pg_clipfrac': 0.0, 'train/ppo_kl': 0.0, 'train/ess_ratio': 0.0, 'train/train_rollout_logprob_abs_diff': 0.0, 'train/train_rollout_kl': 0.0, 'train/kl_loss': 0.0, 'train/grad_norm': 0.0, 'train/lr-pg_0': 1e-05, 'train/step': 2}
[36m(MegatronTrainRayActor pid=68908)[0m [2026-08-07 04:42:04.665 actor_cell0_rank0] timer.py:42 - Timer actor_train end (elapsed: 19.9s)
[36m(MegatronTrainRayActor pid=68908)[0m [2026-08-07 04:42:04.665 actor_cell0_rank0] timer.py:42 - Timer train end (elapsed: 32.8s)
[36m(MegatronTrainRayActor pid=68908)[0m [2026-08-07 04:42:05.017 actor_cell0_rank0] timer.py:42 - Timer save_model end (elapsed: 0.2s)
