+ RMCT_DIR=/workspace/rmct
+ export RMCT_CONFIG=/workspace/rmct/configs/b9lora.json
+ RMCT_CONFIG=/workspace/rmct/configs/b9lora.json
+ RMCT_ARGS=(--rollout-function-path slime_port.rmct_rollout.generate_rollout --custom-megatron-init-path slime_port.miles_init.megatron_init --advantage-estimator grpo --disable-rewards-normalization --loss-type policy_loss --eps-clip 0.2 --calculate-per-token-loss --kl-coef 0.0 --use-kl-loss --kl-loss-coef 0.0)
+ ROLLOUT_ARGS=(--prompt-data "${PROMPT_DATA:-${RMCT_DIR}/data/run_9b/wrong-argument-pairs-64.jsonl}" --input-key unbiased_messages --apply-chat-template --num-rollout "${NUM_ROLLOUT}" --rollout-batch-size "${ROLLOUT_BATCH:-4}" --n-samples-per-prompt "${N_SAMPLES:-128}" --rollout-max-response-len "${MAX_RESPONSE_LEN:-20480}" --rollout-temperature 1.0 --global-batch-size "$(( ${ROLLOUT_BATCH:-4} * ${N_SAMPLES:-128} ))")
    "RMCT_CONFIG": "/workspace/rmct/configs/b9lora.json",
    "RMCT_CONFIG": "/workspace/rmct/configs/b9lora.json",
[36m(MegatronTrainRayActor pid=41774)[0m [2026-08-07 03:14:00.809 actor_cell0_rank1] miles_init.py:32 - RMCT: replaced compute_advantages_and_returns with slime_port.rmct_advantage.compute_advantages
[36m(MegatronTrainRayActor pid=41649)[0m [2026-08-07 03:14:15.574 actor_cell0_rank0] model.py:965 - RMCT P5: skipping fallback load; bridge LoRA model already carries HF weights
[36m(MegatronTrainRayActor pid=41649)[0m [2026-08-07 03:14:00.876 actor_cell0_rank0] miles_init.py:32 - RMCT: replaced compute_advantages_and_returns with slime_port.rmct_advantage.compute_advantages
[36m(MegatronTrainRayActor pid=41774)[0m [2026-08-07 03:14:15.569 actor_cell0_rank1] model.py:965 - RMCT P5: skipping fallback load; bridge LoRA model already carries HF weights
[36m(MegatronTrainRayActor pid=41649)[0m [2026-08-07 03:14:28.385 actor_cell0_rank0] timer.py:42 - Timer sleep end (elapsed: 4.3s)
[36m(MegatronTrainRayActor pid=41649)[0m [2026-08-07 03:14:33.467 actor_cell0_rank0] timer.py:42 - Timer update_weights end (elapsed: 0.9s)
[36m(RolloutManager pid=40778)[0m [2026-08-07 03:31:23.997 rollout_manager] rmct_rollout.py:389 - RMCT step 1: 509 grad samples, parse_rate=0.997, gap=0.2785, cache_hit=0.83
[36m(MegatronTrainRayActor pid=41649)[0m [2026-08-07 03:31:33.056 actor_cell0_rank0] timer.py:42 - Timer wake_up end (elapsed: 1.8s)
[36m(MegatronTrainRayActor pid=41649)[0m [2026-08-07 03:31:34.124 actor_cell0_rank0] timer.py:42 - Timer data_preprocess end (elapsed: 1.1s)
[36m(MegatronTrainRayActor pid=41649)[0m [2026-08-07 03:31:34.124 actor_cell0_rank0] timer.py:42 - Timer train_wait end (elapsed: 1025.7s)
[36m(MegatronTrainRayActor pid=41649)[0m [2026-08-07 03:35:26.964 actor_cell0_rank0] timer.py:42 - Timer ref_log_probs end (elapsed: 232.7s)
[36m(MegatronTrainRayActor pid=41649)[0m [2026-08-07 03:39:13.180 actor_cell0_rank0] timer.py:42 - Timer log_probs end (elapsed: 225.8s)
[36m(MegatronTrainRayActor pid=41649)[0m [2026-08-07 03:51:55.885 actor_cell0_rank0] log_utils.py:493 - step 0: {'train/loss': 0.18116420868625938, 'train/pg_loss': 0.18116420868625938, 'train/entropy_loss': 0.0, 'train/pg_clipfrac': 0.0, 'train/ppo_kl': 0.0, 'train/ess_ratio': 0.9999988887135526, 'train/train_rollout_logprob_abs_diff': 0.013800967633573852, 'train/train_rollout_kl': 0.0004993176728343875, 'train/kl_loss': 0.0, 'train/grad_norm': 0.02799052360254273, 'train/lr-pg_0': 1e-05, 'train/step': 0}
[36m(MegatronTrainRayActor pid=41649)[0m [2026-08-07 03:51:55.885 actor_cell0_rank0] model.py:854 - step 0: {'train/loss': 0.18116420868625938, 'train/pg_loss': 0.18116420868625938, 'train/entropy_loss': 0.0, 'train/pg_clipfrac': 0.0, 'train/ppo_kl': 0.0, 'train/ess_ratio': 0.9999988887135526, 'train/train_rollout_logprob_abs_diff': 0.013800967633573852, 'train/train_rollout_kl': 0.0004993176728343875, 'train/kl_loss': 0.0, 'train/grad_norm': 0.02799052360254273, 'train/lr-pg_0': 1e-05, 'train/step': 0}
[36m(MegatronTrainRayActor pid=41649)[0m [2026-08-07 04:04:35.335 actor_cell0_rank0] log_utils.py:493 - step 1: {'train/loss': 0.17420401115977585, 'train/pg_loss': 0.17420401115977585, 'train/entropy_loss': 0.0, 'train/pg_clipfrac': 0.00035123758029237867, 'train/ppo_kl': 1.1466729425706807e-05, 'train/ess_ratio': 0.9990191956659411, 'train/train_rollout_logprob_abs_diff': 0.014155295447016342, 'train/train_rollout_kl': 0.0005089369991912555, 'train/kl_loss': -1.1466729425706807e-05, 'train/grad_norm': 0.025622385305224864, 'train/lr-pg_0': 1e-05, 'train/step': 1}
[36m(MegatronTrainRayActor pid=41649)[0m [2026-08-07 04:04:35.335 actor_cell0_rank0] model.py:854 - step 1: {'train/loss': 0.17420401115977585, 'train/pg_loss': 0.17420401115977585, 'train/entropy_loss': 0.0, 'train/pg_clipfrac': 0.00035123758029237867, 'train/ppo_kl': 1.1466729425706807e-05, 'train/ess_ratio': 0.9990191956659411, 'train/train_rollout_logprob_abs_diff': 0.014155295447016342, 'train/train_rollout_kl': 0.0005089369991912555, 'train/kl_loss': -1.1466729425706807e-05, 'train/grad_norm': 0.025622385305224864, 'train/lr-pg_0': 1e-05, 'train/step': 1}
[36m(MegatronTrainRayActor pid=41649)[0m [2026-08-07 04:17:20.064 actor_cell0_rank0] log_utils.py:493 - step 2: {'train/loss': 0.013601271965837386, 'train/pg_loss': 0.013601271965837386, 'train/entropy_loss': 0.0, 'train/pg_clipfrac': 0.0002314575359470363, 'train/ppo_kl': 3.592205402756645e-05, 'train/ess_ratio': 0.9990159822075101, 'train/train_rollout_logprob_abs_diff': 0.014171291204128737, 'train/train_rollout_kl': 0.0005019309368549859, 'train/kl_loss': -3.592205402756645e-05, 'train/grad_norm': 0.01930522294476169, 'train/lr-pg_0': 1e-05, 'train/step': 2}
[36m(MegatronTrainRayActor pid=41649)[0m [2026-08-07 04:17:20.064 actor_cell0_rank0] model.py:854 - step 2: {'train/loss': 0.013601271965837386, 'train/pg_loss': 0.013601271965837386, 'train/entropy_loss': 0.0, 'train/pg_clipfrac': 0.0002314575359470363, 'train/ppo_kl': 3.592205402756645e-05, 'train/ess_ratio': 0.9990159822075101, 'train/train_rollout_logprob_abs_diff': 0.014171291204128737, 'train/train_rollout_kl': 0.0005019309368549859, 'train/kl_loss': -3.592205402756645e-05, 'train/grad_norm': 0.01930522294476169, 'train/lr-pg_0': 1e-05, 'train/step': 2}
[36m(MegatronTrainRayActor pid=41649)[0m [2026-08-07 04:29:59.027 actor_cell0_rank0] log_utils.py:493 - step 3: {'train/loss': 0.1681216849945707, 'train/pg_loss': 0.1681216849945707, 'train/entropy_loss': 0.0, 'train/pg_clipfrac': 0.00040221798158535566, 'train/ppo_kl': 1.8759851089199395e-05, 'train/ess_ratio': 0.9990006393081337, 'train/train_rollout_logprob_abs_diff': 0.014148573935262823, 'train/train_rollout_kl': 0.0005102992717278427, 'train/kl_loss': -1.8759851089199395e-05, 'train/grad_norm': 0.033865736778497565, 'train/lr-pg_0': 1e-05, 'train/step': 3}
[36m(MegatronTrainRayActor pid=41649)[0m [2026-08-07 04:29:59.027 actor_cell0_rank0] model.py:854 - step 3: {'train/loss': 0.1681216849945707, 'train/pg_loss': 0.1681216849945707, 'train/entropy_loss': 0.0, 'train/pg_clipfrac': 0.00040221798158535566, 'train/ppo_kl': 1.8759851089199395e-05, 'train/ess_ratio': 0.9990006393081337, 'train/train_rollout_logprob_abs_diff': 0.014148573935262823, 'train/train_rollout_kl': 0.0005102992717278427, 'train/kl_loss': -1.8759851089199395e-05, 'train/grad_norm': 0.033865736778497565, 'train/lr-pg_0': 1e-05, 'train/step': 3}
[36m(MegatronTrainRayActor pid=41649)[0m [2026-08-07 04:29:59.027 actor_cell0_rank0] timer.py:42 - Timer actor_train end (elapsed: 3045.4s)
[36m(MegatronTrainRayActor pid=41649)[0m [2026-08-07 04:29:59.027 actor_cell0_rank0] timer.py:42 - Timer train end (elapsed: 3504.9s)
[36m(MegatronTrainRayActor pid=41649)[0m [2026-08-07 04:30:00.991 actor_cell0_rank0] timer.py:42 - Timer save_model end (elapsed: 1.6s)
[36m(MegatronTrainRayActor pid=41649)[0m [2026-08-07 04:30:09.284 actor_cell0_rank0] timer.py:42 - Timer sleep end (elapsed: 8.3s)
[36m(MegatronTrainRayActor pid=41649)[0m [2026-08-07 04:30:15.354 actor_cell0_rank0] timer.py:42 - Timer update_weights end (elapsed: 2.8s)
